<html>
<body>
<pre>
<h1>µVision Build Log</h1>
<h2>Tool Versions:</h2>
IDE-Version: ¦ÌVision V5.18.0.0
Copyright (C) 2016 ARM Ltd and ARM Germany GmbH. All rights reserved.
License Information: 961421867@qq.com 961421867@qq.com, 961421867@qq.com, LIC=UB4FW-QNS6Y-XCXJ0-BNUYU-D6AJR-69QXE
 
Tool Versions:
Toolchain:       MDK-ARM Professional  Version: 5.18
Toolchain Path:  D:\1study\keil5\ARM\ARMCC\Bin
C Compiler:      Armcc.exe V5.06 update 1 (build 61)
Assembler:       Armasm.exe V5.06 update 1 (build 61)
Linker/Locator:  ArmLink.exe V5.06 update 1 (build 61)
Library Manager: ArmAr.exe V5.06 update 1 (build 61)
Hex Converter:   FromElf.exe V5.06 update 1 (build 61)
CPU DLL:         SARMCM3.DLL V5.18
Dialog DLL:      DARMSTM.DLL V1.65.0.0
Target DLL:      UL2CM3.DLL V1.157.5.0
Dialog DLL:      TARMSTM.DLL V1.64.0.0
 
<h2>Project:</h2>
C:\Users\96142\Desktop\À¬»øÍ°\USER\ICAPTURE.uvprojx
Project File Date:  10/01/2020

<h2>Output:</h2>
*** Using Compiler 'V5.06 update 1 (build 61)', folder: 'D:\1study\keil5\ARM\ARMCC\Bin'
Rebuild target 'Target 1'
compiling stm32f10x_it.c...
compiling timer4.c...
compiling delay.c...
compiling usart.c...
..\SYSTEM\usart\usart.c(123): warning:  #186-D: pointless comparison of unsigned integer with zero
  		if(Res<=100&&Res>=0)
..\SYSTEM\usart\usart.c: 1 warning, 0 errors
compiling main.c...
main.c(10): warning:  #177-D: variable "xx" was declared but never referenced
  	u16 xx=0,a;
main.c(10): warning:  #177-D: variable "a" was declared but never referenced
  	u16 xx=0,a;
main.c(11): warning:  #177-D: variable "pwmcompare1" was declared but never referenced
  	u16 pwmcompare1=0;
main.c: 3 warnings, 0 errors
compiling system_stm32f10x.c...
assembling startup_stm32f10x_hd.s...
compiling sys.c...
compiling core_cm3.c...
compiling stm32f10x_gpio.c...
compiling misc.c...
compiling stm32f10x_usart.c...
compiling stm32f10x_rcc.c...
compiling stm32f10x_tim.c...
linking...
Program Size: Code=3680 RO-data=336 RW-data=52 ZI-data=1852  
FromELF: creating hex file...
"..\OBJ\ICAPTURE.axf" - 0 Error(s), 4 Warning(s).

<h2>Collection of Component include folders:</h2>
  C:\Users\96142\Desktop\À¬»øÍ°\USER\RTE
  D:\1study\keil5\ARM\PACK\Keil\STM32F1xx_DFP\1.0.5\Device\Include

<h2>Collection of Component Files used:</h2>
Build Time Elapsed:  00:00:06
</pre>
</body>
</html>
